Script started on Sun 28 Oct 2018 14:30:11 UTC
root@ns324201:~/blueci-universe# ls
converter  docker  docs  hooks	LICENSE  mergebot-config.json  README.md  repo	scripts  target  typescript
root@ns324201:~/blueci-universe# ls -l
total 64
drwxr-xr-x 3 root root  4096 Oct 28 12:48 converter
drwxr-xr-x 4 root root  4096 Oct 28 12:48 docker
drwxr-xr-x 4 root root  4096 Oct 28 12:48 docs
drwxr-xr-x 2 root root  4096 Oct 28 12:48 hooks
-rw-r--r-- 1 root root 10834 Oct 28 12:48 LICENSE
-rw-r--r-- 1 root root   796 Oct 28 12:48 mergebot-config.json
-rw-r--r-- 1 root root 18058 Oct 28 12:48 README.md
drwxr-xr-x 4 root root  4096 Oct 28 12:48 repo
drwxr-xr-x 3 root root  4096 Oct 28 12:48 scripts
drwxr-xr-x 3 root root  4096 Oct 28 13:11 target
-rw-r--r-- 1 root root     0 Oct 28 14:30 typescript
root@ns324201:~/blueci-universe# ยง[Kcd scripts/
root@ns324201:~/blueci-universe/scripts# ls
build.sh	 generate-config-reference.py  install-git-hooks.sh   local-universe.py      publish-local-universe.sh	validate_packages.py
diff_version.sh  gen_universe.py	       json_dup_key_check.py  old-local-universe.py  requirements
root@ns324201:~/blueci-universe/scripts# bu[K[K. build.sh 
Building the universe!
Collecting jsonschema==2.6.0 (from -r /root/blueci-universe/scripts/requirements/requirements.txt (line 1))
  Using cached https://files.pythonhosted.org/packages/77/de/47e35a97b2b05c2fadbec67d44cfcdcd09b8086951b331d82de90d2912da/jsonschema-2.6.0-py2.py3-none-any.whl
Installing collected packages: jsonschema
Successfully installed jsonschema-2.6.0
Validating blueci...
	Validating revision 0...
		package.json:	ERROR

The name parameter in package.json should match with the name of the package directory.
Directory : blueci, Parsed Name : jenkins

Script done on Sun 28 Oct 2018 14:30:36 UTC
